[CLEANED] Sarita V. Adve | http://www.cs.uiuc.edu/~sadve | chars=3118
[CLEANED] Vikram Adve | http://llvm.org | chars=6876
[CLEANED] Nancy M. Amato | https://parasollab.web.illinois.edu/people/amato/cv-amato.pdf | chars=210392
[CLEANED] Deming Chen, Electrical and Computer Engineering | http://dchen.ece.illinois.edu/ | chars=4094
[CLEANED] Christopher Fletcher | https://siebelschool.illinois.edu/about/people/faculty/cwfletch | chars=6550
[CLEANED] Saugata Ghose | https://ghose.cs.illinois.edu/ | chars=1474
[CLEANED] William Gropp | https://wgropp.cs.illinois.edu | chars=9387
[CLEANED] Jian Huang, Electrical and Computer Engineering | https://platformxlab.github.io/ | chars=4040
[CLEANED] Wen-mei Hwu, Electrical and Computer Engineering | https://siebelschool.illinois.edu/about/people/faculty/w-hwu | chars=6313
[CLEANED] Laxmikant Kale | https://charm.cs.illinois.edu/~kale | chars=458
[CLEANED] Nam Sung Kim, Electrical and Computer Engineering | http://fast.ece.illinois.edu | chars=2710
[CLEANED] Volodymyr Kindratenko, NCSA | http://www.ncsa.illinois.edu/~kindr | chars=1014
[CLEANED] Rakesh Kumar, Electrical and Computer Engineering | https://passat.crhc.illinois.edu/ | chars=7934
[CLEANED] Steve Lumetta, Electrical and Computer Engineering | http://lumetta.web.engr.illinois.edu/ | chars=1413
[CLEANED] Charith Mendis | https://charithmendis.com | chars=4242
[CLEANED] Sasa Misailovic | http://misailo.cs.illinois.edu/ | chars=25973
[CLEANED] William (Billy) Moses | https://siebelschool.illinois.edu/about/people/faculty/wsmoses | chars=4516
[CLEANED] Klara Nahrstedt | http://monet.cs.illinois.edu/people/klara | chars=5769
[CLEANED] Luke Olson | https://github.com/raptor-library/raptor | chars=4158
[CLEANED] David Padua | http://polaris.cs.illinois.edu/~padua | chars=4026
[CLEANED] Sanjay Patel, Electrical and Computer Engineering | https://sjp.ece.illinois.edu/ | chars=1502
[CLEANED] Lawrence Rauchwerger | https://parasollab.web.illinois.edu/people/rwerger | chars=185647
[CLEANED] Marc Snir | http://snir.cs.illinois.edu/ | chars=1355
[CLEANED] Edgar Solomonik | https://solomonik.github.io/ | chars=15096
[CLEANED] Josep Torrellas | http://iacoma.cs.uiuc.edu/josep/torrellas.html | chars=16504
[CLEANED] Maria J. Garzaran, Intel | https://siebelschool.illinois.edu/about/people/faculty/garzaran | chars=6440
[CLEANED] Rob A. Rutenbar, University of Pittsburgh | http://rutenbar.cs.illinois.edu/ | chars=487
[CLEANED] Mark A. Anastasio, Department of Bioengineering | https://anastasio.bioengineering.illinois.edu/ | chars=857
[CLEANED] Tal August | https://talaugust.github.io/ | chars=2393
[CLEANED] Arindam Banerjee | https://arindam.cs.illinois.edu/ | chars=1786
[TOO_SHORT 23] Timothy Bretl, Aerospace Engineering | http://bretl.csl.illinois.edu/
[CLEANED] Kevin C. Chang | http://www.forwarddatalab.org | chars=10089
[CLEANED] Girish Chowdhary | https://www.nytimes.com/2020/02/13/science/farm-agriculture-robots.html | chars=9029
[CLEANED] David Dalpiaz | https://siebelschool.illinois.edu/about/people/faculty/dalpiaz2 | chars=769
[TOO_SHORT 313] Jana Diesner, School of Information Sciences | http://people.lis.illinois.edu/~jdiesner
[TOO_SHORT 334] Minh N. Do, Electrical & Computer Engineering | https://minhdo.ece.illinois.edu
[CLEANED] Kate Donahue | https://siebelschool.illinois.edu/about/people/faculty/kpd | chars=6135
[CLEANED] Katherine Driggs-Campbell, Electrical & Computer Engineering | https://thehcalab.web.illinois.edu/ | chars=691
[CLEANED] Margaret Fleck | http://mfleck.cs.illinois.edu/ | chars=3397
[CLEANED] David A. Forsyth | https://siebelschool.illinois.edu/about/people/faculty/daf | chars=560
[CLEANED] Roxana Girju, Linguistics | https://siebelschool.illinois.edu/about/people/faculty/girju | chars=6059
[CLEANED] Mani Golparvar-Fard, Civil Engineering | http://www.reconstructinc.com | chars=2938
[CLEANED] Liangyan Gui | https://siebelschool.illinois.edu/about/people/faculty/lgui | chars=461
[CLEANED] Saurabh Gupta, Electrical & Computer Engineering | http://saurabhg.web.illinois.edu | chars=116339
[CLEANED] Dilek Hakkani Tur | https://www.linkedin.com/in/dilek-hakkani-tur-9517543 | chars=8168
[CLEANED] Jiawei Han | http://hanj.cs.illinois.edu/ | chars=2072
[CLEANED] Mark Hasegawa-Johnson, Electrical & Computer Engineering | https://speechtechnology.web.illinois.edu/ | chars=1175
[CLEANED] Kris Hauser | http://motion.cs.illinois.edu/ | chars=1320
[CLEANED] Julia Hockenmaier | http://juliahmr.cs.illinois.edu | chars=653
[TOO_SHORT 0] Derek Hoiem | http://dhoiem.cs.illinois.edu/
[CLEANED] Ravi Iyer, Electrical & Computer Engineering | http://depend.csl.illinois.edu/ | chars=2451
[CLEANED] Reyhaneh Jabbarvand | https://reyhaneh.cs.illinois.edu | chars=4029
[CLEANED] Heng Ji | http://blender.cs.illinois.edu/hengji.html | chars=2296
[CLEANED] Nan Jiang | http://nanjiang.cs.illinois.edu/ | chars=3619
[CLEANED] Daniel Kang | https://ddkang.github.io/ | chars=1274
[TOO_SHORT 0] Karrie Karahalios | http://social.cs.uiuc.edu/
[CLEANED] Fan Lai | https://www.fanlai.me/ | chars=692
[CLEANED] Svetlana Lazebnik | http://slazebni.cs.illinois.edu/ | chars=6695
[CLEANED] Bo Li | https://scholar.google.com/citations?user=K8vJkTcAAAAJ&hl=en | chars=4042
[CLEANED] Ge Liu | https://siebelschool.illinois.edu/about/people/faculty/geliu | chars=386
[CLEANED] Kenton McHenry, NCSA | https://siebelschool.illinois.edu/about/people/faculty/mchenry | chars=6059
[CLEANED] Kim Minje | https://minjekim.com | chars=3541
[CLEANED] Marco Morales | https://parasollab.web.illinois.edu/people/moralesa | chars=43455
[CLEANED] Hao Peng | https://haopeng-nlp.github.io/ | chars=1333
[CLEANED] Jim Rehg | https://siebelschool.illinois.edu/about/people/faculty/jrehg | chars=560
[TOO_SHORT 0] John Reid | https://orcid.org/0000-0001-5286-8555
[CLEANED] Lane Oscar Schwartz, Linguistics | https://siebelschool.illinois.edu/about/people/faculty/lanes | chars=6059
[CLEANED] Alexander Schwing, Electrical & Computer Engineering | http://aschwing.web.engr.illinois.edu | chars=68076
[CLEANED] Gagandeep Singh | https://ggndpsngh.github.io/ | chars=7015
[CLEANED] Paris Smaragdis | https://paris.cs.illinois.edu | chars=6850
[CLEANED] Jimeng Sun | http://www.sunlab.org | chars=5481
[CLEANED] Hanghang Tong | http://tonghanghang.org/ | chars=4077
[CLEANED] Gokhan Tur | https://uiuc-conversational-ai-lab.github.io/ | chars=2846
[CLEANED] Dong Wang | https://ischool.illinois.edu/people/dong-wang | chars=7220
[CLEANED] Shenlong Wang | https://shenlong.web.illinois.edu/ | chars=17330
[CLEANED] Yuxiong Wang | https://yxw.cs.illinois.edu/ | chars=2973
[CLEANED] Tandy Warnow | http://tandy.cs.illinois.edu | chars=6992
[CLEANED] Francis Yan | https://fyy.cs.illinois.edu/ | chars=2114
[CLEANED] Jiaxuan You | https://siebelschool.illinois.edu/about/people/faculty/jiaxuan | chars=6598
[CLEANED] Wenzhen Yuan | https://robotouchlab.web.illinois.edu/ | chars=485
[CLEANED] Minjia Zhang | https://minjiazhang.github.io/ | chars=27209
[CLEANED] Tong Zhang | https://tongzhang-ml.org | chars=832
[CLEANED] Han Zhao | https://hanzhaoml.github.io/ | chars=156126
[CLEANED] Eyal Amir, Parknav | https://siebelschool.illinois.edu/about/people/faculty/eyal | chars=6195
[CLEANED] Sanmi Koyejo | http://sanmi.cs.illinois.edu/ | chars=3331
[CLEANED] Dan Roth, University of Pennsylvania | http://l2r.cs.illinois.edu/ | chars=6580
[CLEANED] Mohammed El-Kebir | https://www.el-kebir.net | chars=6783
[CLEANED] Hongye Liu | https://publish.illinois.edu/hongyeliu | chars=758
[CLEANED] Olgica Milenkovic, Electrical & Computer Engineering | http://publish.illinois.edu/milenkovic | chars=699
[TOO_SHORT 32] Saurabh Sinha | http://www.sinhalab.net/
[CLEANED] Brad Solomon | https://publish.illinois.edu/bradsol | chars=630
[CLEANED] Tiffani Williams | http://tiffaniwilliams.com | chars=1350
[CLEANED] ChengXiang Zhai | http://timan.cs.illinois.edu/ir | chars=1769
[CLEANED] Richard Berlin, Carle Hospital | https://siebelschool.illinois.edu/about/people/faculty/rberlin | chars=6059
[CLEANED] Marco Caccamo, Technical University of Munich | https://rtsl.cps.mw.tum.de/personal_page/mcaccamo | chars=6807
[CLEANED] Danny Dig, CS Department, UC Boulder | http://dig.cs.illinois.edu | chars=7877
[CLEANED] Cinda Heeren | https://siebelschool.illinois.edu/about/people/faculty/c-heeren | chars=6511
[CLEANED] Alexandra Kolla, University of Colorado at Boulder | http://www.cs.illinois.edu/homes/akolla | chars=6288
[CLEANED] Aditya Parameswaran, University of California, Berkeley | https://siebelschool.illinois.edu/about/people/faculty/adityagp | chars=6483
[CLEANED] Manoj Prabhakaran, IIT Bombay | http://theory.cs.uiuc.edu/~mmp | chars=6507
[CLEANED] Arch Douglas Robison | https://siebelschool.illinois.edu/about/people/faculty/e-2255311 | chars=6059
[CLEANED] Umesh Thakkar | https://siebelschool.illinois.edu/about/people/faculty/uthakkar | chars=6059
[CLEANED] Nitin Vaidya, Georgetown | https://siebelschool.illinois.edu/about/people/faculty/nhv | chars=6059
[CLEANED] Abdussalam Alawini | https://alawini.web.illinois.edu | chars=2269
[CLEANED] Lawrence Angrave | https://publish.illinois.edu/udl-accessibility-group | chars=2769
[CLEANED] Mattox Beckman | https://mattox.web.illinois.edu | chars=954
[CLEANED] Geoffrey Challen | https://cs124.org | chars=448
[CLEANED] Katie Cunningham | https://www.kicunningham.com/ | chars=1094
[CLEANED] G. Carl Evans | https://siebelschool.illinois.edu/about/people/faculty/gcevans | chars=359
[CLEANED] Wade Fagen-Ulmschneider | https://discovery.cs.illinois.edu/ | chars=3498
[CLEANED] Max Fowler | https://siebelschool.illinois.edu/about/people/faculty/mfowler5 | chars=6632
[CLEANED] Yael Gertner | http://ygertner.web.illinois.edu/index.html | chars=1290
[CLEANED] Elsa Gunter | http://www.cs.illinois.edu/directory/profile/egunter | chars=497
[CLEANED] John Hart | https://graphics.cs.illinois.edu/jch | chars=1992
[CLEANED] Geoffrey Herman | http://publish.illinois.edu/glherman | chars=2303
[CLEANED] H. Chad Lane, Educational Psychology | https://education.illinois.edu/faculty/h-chad-lane | chars=2272
[CLEANED] Colleen Lewis | https://publish.illinois.edu/colleenlewis | chars=365
[TOO_SHORT 60] Michael Nowak | https://learncpp.online
[CLEANED] Jule Schatz | https://www.juleschatz.com/ | chars=1066
[TOO_SHORT 0] Eric Shaffer | https://www.linkedin.com/in/eric-shaffer
[CLEANED] Mariana Silva | https://mfsilva22.github.io | chars=2391
[CLEANED] Sarah Sterman | https://creativity.web.illinois.edu/ | chars=569
[CLEANED] Ruby Tahoub | https://rubyt.web.illinois.edu/ | chars=436
[CLEANED] Luther Tychonievich | https:///luthert.web.illinois.edu | chars=2224
[CLEANED] Craig Zilles | http://zilles.cs.illinois.edu/ | chars=10261
[CLEANED] Catherine Blake, School of Information Sciences | https://publish.illinois.edu/catherineblake | chars=3986
[CLEANED] Robert Brunner, Astronomy | https://astro.illinois.edu/directory/profile/bigdog | chars=4681
[CLEANED] George Chacko | https://netesolutions.github.io/ernie_homepage | chars=4964
[CLEANED] Wendy Cho, Political Science | https://siebelschool.illinois.edu/about/people/faculty/wendycho | chars=6059
[TOO_SHORT 192] Jingrui He, School of Information Sciences | https://siebelschool.illinois.edu/about/people/faculty/jingrui
[CLEANED] Daniel S. Katz, NCSA | https://danielskatz.org/ | chars=3081
[CLEANED] Bertram Ludaescher, School of Information Sciences | https://siebelschool.illinois.edu/about/people/faculty/ludaesch | chars=362
[CLEANED] Livingston McPherson | https://siebelschool.illinois.edu/about/people/faculty/dlivm | chars=6292
[CLEANED] Yongjoo Park | https://yongjoopark.com | chars=4344
[CLEANED] Pablo Robles-Granda | https://siebelschool.illinois.edu/about/people/faculty/pdr | chars=633
[CLEANED] Bruce Schatz, Medical Information Science | https://siebelschool.illinois.edu/about/people/faculty/schatz | chars=6462
[CLEANED] Hari Sundaram | http://sundaram.cs.illinois.edu | chars=1798
[CLEANED] Shaowen Wang, Geography and Geographic Information Science | http://www.cigi.illinois.edu/shaowen/index.htm | chars=6562
[CLEANED] Ouri Wolfson, University of Illinois Chicago Computer Science | https://siebelschool.illinois.edu/about/people/faculty/wolfson | chars=6059
[CLEANED] Brian P. Bailey | http://orchid.cs.illinois.edu/ | chars=518
[CLEANED] Eshwar Chandrasekharan | http://www.eshwarchandrasekharan.com/ | chars=2465
[CLEANED] Camille Cobb | https://camillec.com/ | chars=5307
[CLEANED] Donna Cox, NCSA and School of Art & Design | https://siebelschool.illinois.edu/about/people/faculty/donnacox | chars=6059
[CLEANED] Yun Huang, School of Information Sciences | https://siebelschool.illinois.edu/about/people/faculty/yunhuang | chars=439
[CLEANED] Alex Kirlik | https://siebelschool.illinois.edu/about/people/faculty/kirlik | chars=32623
[TOO_SHORT 0] Ranjitha Kumar | http://www.ranjithakumar.net/
[CLEANED] Koustuv Saha | https://koustuv.com/ | chars=1994
[CLEANED] JooYoung Seo | https://siebelschool.illinois.edu/about/people/faculty/jseo1005 | chars=6276
[CLEANED] Craig Shultz | https://www.craigshultz.com/ | chars=4016
[CLEANED] Sharifa Sultana | https://www.sharifasultana.com/ | chars=2742
[TOO_SHORT 312] Michael Twidale, School of Information Sciences | http://people.lis.illinois.edu/~twidale
[CLEANED] Yang Wang, iSchool | https://yangwang.ischool.illinois.edu/ | chars=3415
[CLEANED] Gul Agha | http://osl.cs.illinois.edu/members/agha.html | chars=61061
[CLEANED] Darko Marinov | http://mir.cs.illinois.edu/marinov | chars=1874
[CLEANED] Jose Meseguer | http://maude.cs.illinois.edu | chars=935
[CLEANED] Andrew Miller, Electrical & Computer Engineering | https://siebelschool.illinois.edu/about/people/faculty/soc1024 | chars=5573
[CLEANED] Sayan Mitra, Electrical & Computer Engineering | http://mitras.ece.illinois.edu/ | chars=4512
[CLEANED] Madhusudan Parthasarathy | http://www.cs.uiuc.edu/~madhu | chars=6681
[CLEANED] Talia Ringer | https://github.com/tlringer | chars=896
[CLEANED] Grigore Rosu | http://runtimeverification.com | chars=1697
[CLEANED] Mahesh Viswanathan | http://vmahesh.cs.illinois.edu | chars=467
[CLEANED] Tianyin Xu | https://tianyin.github.io/ | chars=3776
[CLEANED] Lingming Zhang | http://lingming.cs.illinois.edu/ | chars=1824
[CLEANED] Paul Fischer | http://fischerp.cs.illinois.edu | chars=2597
[CLEANED] Andreas Kloeckner | https://github.com/inducer | chars=381
[CLEANED] William Kramer | https://siebelschool.illinois.edu/about/people/faculty/wtkramer | chars=6721
[TOO_SHORT 0] Adam Bates | https://adambates.org
[CLEANED] Nikita Borisov, Electrical & Computer Engineering | http://hatswitch.org/~nikita | chars=1260
[CLEANED] Matthew Caesar | http://www.cs.illinois.edu/~caesar | chars=3560
[CLEANED] Roy H. Campbell | https://siebelschool.illinois.edu/about/people/faculty/rhc | chars=6548
[CLEANED] Brighten Godfrey | https://pbg.cs.illinois.edu | chars=9196
[CLEANED] Carl A. Gunter | http://cgunter.cs.illinois.edu/ | chars=534
[CLEANED] David Heath | https://daheath.web.illinois.edu | chars=5582
[CLEANED] Dakshita Khurana | https://www.dakshitakhurana.com | chars=4353
[CLEANED] Robin Kravets | http://mobius.cs.uiuc.edu/ | chars=965
[CLEANED] Kirill Levchenko, Electrical & Computer Engineering | https://klevchen.ece.illinois.edu/ | chars=9577
[CLEANED] David Nicol, Electrical & Computer Engineering | http://dmnicol.web.engr.illinois.edu/ | chars=2713
[CLEANED] Ling Ren | https://sites.google.com/view/renling | chars=5464
[CLEANED] Gang Wang | http://gangw.cs.illinois.edu/ | chars=27634
[CLEANED] Yupeng Zhang, Electrical & Computer Engineering | https://zhangyp.web.illinois.edu/ | chars=1071
[CLEANED] Tarek Abdelzaher | http://abdelzaher.cs.illinois.edu | chars=1621
[CLEANED] Ram Alagappan | https://ramalagappan.github.io/ | chars=604
[CLEANED] Geir Dullerud, Mechanical Science and Engineering | https://autonomy.illinois.edu/ | chars=1201
[CLEANED] Reza Farivar | https://www.coursera.org/course/cloudapplications | chars=1825
[CLEANED] Aishwarya Ganesan | https://aishwaryaganesan.github.io/ | chars=1603
[CLEANED] Indranil Gupta | http://dprg.cs.uiuc.edu/downloads.php | chars=5920
[CLEANED] Yih-Chun Hu, Electrical & Computer Engineering | https://yihchun.com | chars=1432
[CLEANED] Radhika Mittal, Electrical & Computer Engineering | http://radhikam.web.illinois.edu/ | chars=6286
[CLEANED] Romit Roy Choudhury, Electrical & Computer Engineering | http://croy.web.engr.illinois.edu/ | chars=5470
[CLEANED] Lui Sha | http://publish.illinois.edu/cpsintegrationlab/people/lui-sha | chars=2139
[CLEANED] Elahe Soltanaghai | https://elahe.web.illinois.edu/ | chars=1408
[CLEANED] Deepak Vasisht | https://deepakvasisht.com | chars=3655
[CLEANED] Timothy Chan | http://tmc.web.engr.illinois.edu/ | chars=373
[CLEANED] Karthik Chandrasekaran, Industrial & Enterprise Systems Engineering | https://karthik.ise.illinois.edu/ | chars=76372
[CLEANED] Chandra Chekuri | https://chekuri.cs.illinois.edu/ | chars=4886
[CLEANED] Jeff Erickson | http://jeffe.cs.illinois.edu | chars=1159
[CLEANED] Michael A. Forbes | https://siebelschool.illinois.edu/about/people/faculty/miforbes | chars=399
[CLEANED] Jugal Garg, Industrial & Enterprise Systems Engineering | http://jugal.ise.illinois.edu | chars=21863
[CLEANED] Fernando Granha Jeronimo | https://granha.github.io/ | chars=4279
[TOO_SHORT 0] Sariel Har-Peled | https://sarielhp.org
[CLEANED] Sheldon Jacobson | http://shj.cs.illinois.edu | chars=4277
[CLEANED] Ruta Mehta | https://dblp.org/pid/50/7864.html | chars=22100
[TOO_SHORT 0] Rakesh Nagi, Industrial & Enterprise Systems Engineering | https://drive.google.com/file/d/1xHAQMW1dlXDSTiFuXwbmkUZjPtXHEseF/view?usp=sharing
[CLEANED] Makrand Sinha | https://makrandsinha.github.io | chars=32540
